This is pdfTeX, Version 3.141592653-2.6-1.40.29 (TeX Live 2026) (preloaded format=pdflatex 2026.8.27)  27 AUG 2026 20:08
entering extended mode
 restricted \write18 enabled.
 %&-line parsing enabled.
**ViajesPresidencialesSudamerica.tex
(./ViajesPresidencialesSudamerica.tex
LaTeX2e <2026-06-01>
L3 programming layer <2026-06-18>
(c:/Users/alejo/AppData/Roaming/TinyTeX/texmf-dist/tex/latex/base/article.cls
Document Class: article 2025/01/22 v1.4n Standard LaTeX document class
(c:/Users/alejo/AppData/Roaming/TinyTeX/texmf-dist/tex/latex/base/size11.clo
File: size11.clo 2025/01/22 v1.4n Standard LaTeX file (size option)
)
\c@part=\count276
\c@section=\count277
\c@subsection=\count278
\c@subsubsection=\count279
\c@paragraph=\count280
\c@subparagraph=\count281
\c@figure=\count282
\c@table=\count283
\abovecaptionskip=\skip49
\belowcaptionskip=\skip50
\bibindent=\dimen150
) (c:/Users/alejo/AppData/Roaming/TinyTeX/texmf-dist/tex/generic/babel/babel.sty
Package: babel 2026/06/14 v26.9 The multilingual framework for LuaLaTeX, pdfLaTeX and XeLaTeX
\babel@savecnt=\count284
LaTeX Encoding Info:    Redeclaring text command \ij (encoding OT1) on input line 2084.
LaTeX Encoding Info:    Redeclaring text command \IJ (encoding OT1) on input line 2086.
LaTeX Encoding Info:    Redeclaring text command \ij (encoding T1) on input line 2088.
LaTeX Encoding Info:    Redeclaring text command \IJ (encoding T1) on input line 2089.
LaTeX Encoding Info:    Ignoring declaration for text command \ij (encoding ?) on input line 2090.
LaTeX Encoding Info:    Ignoring declaration for text command \IJ (encoding ?) on input line 2092.
LaTeX Encoding Info:    Ignoring declaration for text command \SS (encoding ?) on input line 2117.
\U@D=\dimen151
\l@unhyphenated=\language4
 (c:/Users/alejo/AppData/Roaming/TinyTeX/texmf-dist/tex/generic/babel/txtbabel.def)
\bbl@readstream=\read2
\bbl@dirlevel=\count285
 (c:/Users/alejo/AppData/Roaming/TinyTeX/texmf-dist/tex/generic/babel/locale/es/babel-spanish.tex)
Package babel Info: Importing font and identification data for 'spanish'
(babel)             from babel-es.ini. Reported on input line 4380.
 (c:/Users/alejo/AppData/Roaming/TinyTeX/texmf-dist/tex/generic/babel-spanish/spanish.ldf
Language: spanish.ldf 2021/05/27 v5.0q Spanish support from the babel system
\es@quottoks=\toks17
\es@quotdepth=\count286
Package babel Info: Making " an active character on input line 570.
Package babel Info: Making . an active character on input line 675.
Package babel Info: Making < an active character on input line 722.
Package babel Info: Making > an active character on input line 722.
))
LaTeX Encoding Info:    Redeclaring text command \guillemotleft (encoding OT1) on input line 43.
LaTeX Encoding Info:    Redeclaring text command \guillemotright (encoding OT1) on input line 43.
 (c:/Users/alejo/AppData/Roaming/TinyTeX/texmf-dist/tex/latex/base/inputenc.sty
Package: inputenc 2024/02/08 v1.3d Input encoding file
\inpenc@prehook=\toks18
\inpenc@posthook=\toks19
) (c:/Users/alejo/AppData/Roaming/TinyTeX/texmf-dist/tex/latex/base/fontenc.sty
Package: fontenc 2025/07/18 v2.1d Standard LaTeX package
) (c:/Users/alejo/AppData/Roaming/TinyTeX/texmf-dist/tex/latex/graphics/graphicx.sty
Package: graphicx 2026-05-17 v1.2e Enhanced LaTeX Graphics (DPC,SPQR)
 (c:/Users/alejo/AppData/Roaming/TinyTeX/texmf-dist/tex/latex/graphics/keyval.sty
Package: keyval 2026-05-17 v1.15 key=value parser (DPC)
\KV@toks@=\toks20
) (c:/Users/alejo/AppData/Roaming/TinyTeX/texmf-dist/tex/latex/graphics/graphics.sty
Package: graphics 2026-05-17 v1.4h Standard LaTeX Graphics (DPC,SPQR)
 (c:/Users/alejo/AppData/Roaming/TinyTeX/texmf-dist/tex/latex/graphics/trig.sty
Package: trig 2023/12/02 v1.11 sin cos tan (DPC)
) (c:/Users/alejo/AppData/Roaming/TinyTeX/texmf-dist/tex/latex/graphics-cfg/graphics.cfg
File: graphics.cfg 2016/06/04 v1.11 sample graphics configuration
)
Package graphics Info: Driver file: pdftex.def on input line 106.
 (c:/Users/alejo/AppData/Roaming/TinyTeX/texmf-dist/tex/latex/graphics-def/pdftex.def
File: pdftex.def 2025/09/29 v1.2d Graphics/color driver for pdftex
))
\Gin@req@height=\dimen152
\Gin@req@width=\dimen153
) (c:/Users/alejo/AppData/Roaming/TinyTeX/texmf-dist/tex/latex/biblatex/biblatex.sty
Package: biblatex 2026/08/13 v3.22 programmable bibliographies (PK/MW)
 (c:/Users/alejo/AppData/Roaming/TinyTeX/texmf-dist/tex/generic/pdftexcmds/pdftexcmds.sty
Package: pdftexcmds 2020-06-27 v0.33 Utility functions of pdfTeX for LuaTeX (HO)
 (c:/Users/alejo/AppData/Roaming/TinyTeX/texmf-dist/tex/generic/infwarerr/infwarerr.sty
Package: infwarerr 2019/12/03 v1.5 Providing info/warning/error messages (HO)
) (c:/Users/alejo/AppData/Roaming/TinyTeX/texmf-dist/tex/generic/iftex/iftex.sty
Package: iftex 2024/12/12 v1.0g TeX engine tests
) (c:/Users/alejo/AppData/Roaming/TinyTeX/texmf-dist/tex/generic/ltxcmds/ltxcmds.sty
Package: ltxcmds 2023-12-04 v1.26 LaTeX kernel commands for general use (HO)
)
Package pdftexcmds Info: \pdf@primitive is available.
Package pdftexcmds Info: \pdf@ifprimitive is available.
Package pdftexcmds Info: \pdfdraftmode found.
) (c:/Users/alejo/AppData/Roaming/TinyTeX/texmf-dist/tex/latex/etoolbox/etoolbox.sty
Package: etoolbox 2025/10/02 v2.5m e-TeX tools for LaTeX (JAW)
\etb@tempcnta=\count287
) (c:/Users/alejo/AppData/Roaming/TinyTeX/texmf-dist/tex/latex/kvoptions/kvoptions.sty
Package: kvoptions 2022-06-15 v3.15 Key value format for package options (HO)
 (c:/Users/alejo/AppData/Roaming/TinyTeX/texmf-dist/tex/latex/kvsetkeys/kvsetkeys.sty
Package: kvsetkeys 2022-10-05 v1.19 Key value parser (HO)
)) (c:/Users/alejo/AppData/Roaming/TinyTeX/texmf-dist/tex/latex/logreq/logreq.sty
Package: logreq 2010/08/04 v1.0 xml request logger
\lrq@indent=\count288
 (c:/Users/alejo/AppData/Roaming/TinyTeX/texmf-dist/tex/latex/logreq/logreq.def
File: logreq.def 2010/08/04 v1.0 logreq spec v1.0
)) (c:/Users/alejo/AppData/Roaming/TinyTeX/texmf-dist/tex/latex/base/ifthen.sty
Package: ifthen 2024/03/16 v1.1e Standard LaTeX ifthen package (DPC)
) (c:/Users/alejo/AppData/Roaming/TinyTeX/texmf-dist/tex/latex/url/url.sty
\Urlmuskip=\muskip17
Package: url 2013/09/16  ver 3.4  Verb mode for urls, etc.
)
\c@tabx@nest=\count289
\c@listtotal=\count290
\c@listcount=\count291
\c@liststart=\count292
\c@liststop=\count293
\c@citecount=\count294
\c@citetotal=\count295
\c@multicitecount=\count296
\c@multicitetotal=\count297
\c@instcount=\count298
\c@maxnames=\count299
\c@minnames=\count300
\c@maxitems=\count301
\c@minitems=\count302
\c@citecounter=\count303
\c@maxcitecounter=\count304
\c@savedcitecounter=\count305
\c@uniquelist=\count306
\c@uniquename=\count307
\c@refsection=\count308
\c@refsegment=\count309
\c@maxextratitle=\count310
\c@maxextratitleyear=\count311
\c@maxextraname=\count312
\c@maxextradate=\count313
\c@maxextraalpha=\count314
\c@abbrvpenalty=\count315
\c@highnamepenalty=\count316
\c@lownamepenalty=\count317
\c@maxparens=\count318
\c@parenlevel=\count319
\blx@tempcnta=\count320
\blx@tempcntb=\count321
\blx@tempcntc=\count322
\c@blx@maxsection=\count323
\blx@maxsegment@0=\count324
\blx@notetype=\count325
\blx@parenlevel@text=\count326
\blx@parenlevel@foot=\count327
\blx@sectionciteorder@0=\count328
\blx@sectionciteorderinternal@0=\count329
\blx@entrysetcounter=\count330
\blx@biblioinstance=\count331
\labelnumberwidth=\skip51
\labelalphawidth=\skip52
\biblabelsep=\skip53
\bibitemsep=\skip54
\bibnamesep=\skip55
\bibinitsep=\skip56
\bibparsep=\skip57
\bibhang=\skip58
\blx@bcfin=\read3
\blx@bcfout=\write3
\blx@langwohyphens=\language5
\c@mincomprange=\count332
\c@maxcomprange=\count333
\c@mincompwidth=\count334
Package biblatex Info: Trying to load biblatex default data model...
Package biblatex Info: ... file 'blx-dm.def' found.
 (c:/Users/alejo/AppData/Roaming/TinyTeX/texmf-dist/tex/latex/biblatex/blx-dm.def
File: blx-dm.def 2026/08/13 v3.22 biblatex datamodel (PK/MW)
)
Package biblatex Info: Trying to load biblatex style data model...
Package biblatex Info: ... file 'authoryear.dbx' not found.
Package biblatex Info: Trying to load biblatex custom data model...
Package biblatex Info: ... file 'biblatex-dm.cfg' not found.
\c@afterword=\count335
\c@savedafterword=\count336
\c@annotator=\count337
\c@savedannotator=\count338
\c@author=\count339
\c@savedauthor=\count340
\c@bookauthor=\count341
\c@savedbookauthor=\count342
\c@commentator=\count343
\c@savedcommentator=\count344
\c@editor=\count345
\c@savededitor=\count346
\c@editora=\count347
\c@savededitora=\count348
\c@editorb=\count349
\c@savededitorb=\count350
\c@editorc=\count351
\c@savededitorc=\count352
\c@foreword=\count353
\c@savedforeword=\count354
\c@holder=\count355
\c@savedholder=\count356
\c@introduction=\count357
\c@savedintroduction=\count358
\c@namea=\count359
\c@savednamea=\count360
\c@nameb=\count361
\c@savednameb=\count362
\c@namec=\count363
\c@savednamec=\count364
\c@translator=\count365
\c@savedtranslator=\count366
\c@shortauthor=\count367
\c@savedshortauthor=\count368
\c@shorteditor=\count369
\c@savedshorteditor=\count370
\c@labelname=\count371
\c@savedlabelname=\count372
\c@institution=\count373
\c@savedinstitution=\count374
\c@lista=\count375
\c@savedlista=\count376
\c@listb=\count377
\c@savedlistb=\count378
\c@listc=\count379
\c@savedlistc=\count380
\c@listd=\count381
\c@savedlistd=\count382
\c@liste=\count383
\c@savedliste=\count384
\c@listf=\count385
\c@savedlistf=\count386
\c@location=\count387
\c@savedlocation=\count388
\c@organization=\count389
\c@savedorganization=\count390
\c@origlocation=\count391
\c@savedoriglocation=\count392
\c@origpublisher=\count393
\c@savedorigpublisher=\count394
\c@publisher=\count395
\c@savedpublisher=\count396
\c@language=\count397
\c@savedlanguage=\count398
\c@origlanguage=\count399
\c@savedoriglanguage=\count400
\c@pageref=\count401
\c@savedpageref=\count402
\shorthandwidth=\skip59
\shortjournalwidth=\skip60
\shortserieswidth=\skip61
\shorttitlewidth=\skip62
\shortauthorwidth=\skip63
\shorteditorwidth=\skip64
\locallabelnumberwidth=\skip65
\locallabelalphawidth=\skip66
\localshorthandwidth=\skip67
\localshortjournalwidth=\skip68
\localshortserieswidth=\skip69
\localshorttitlewidth=\skip70
\localshortauthorwidth=\skip71
\localshorteditorwidth=\skip72
Package biblatex Info: Trying to load compatibility code...
Package biblatex Info: ... file 'blx-compat.def' found.
 (c:/Users/alejo/AppData/Roaming/TinyTeX/texmf-dist/tex/latex/biblatex/blx-compat.def
File: blx-compat.def 2026/08/13 v3.22 biblatex compatibility (PK/MW)
)
Package biblatex Info: Trying to load generic definitions...
Package biblatex Info: ... file 'biblatex.def' found.
 (c:/Users/alejo/AppData/Roaming/TinyTeX/texmf-dist/tex/latex/biblatex/biblatex.def
File: biblatex.def 2026/08/13 v3.22 biblatex compatibility (PK/MW)
\c@textcitecount=\count403
\c@textcitetotal=\count404
\c@textcitemaxnames=\count405
\c@biburlbigbreakpenalty=\count406
\c@biburlbreakpenalty=\count407
\c@biburlnumpenalty=\count408
\c@biburlucpenalty=\count409
\c@biburllcpenalty=\count410
\biburlbigskip=\muskip18
\biburlnumskip=\muskip19
\biburlucskip=\muskip20
\biburllcskip=\muskip21
\c@smartand=\count411
)
Package biblatex Info: Trying to load natbib compatibility...
Package biblatex Info: ... file 'blx-natbib.def' found.
 (c:/Users/alejo/AppData/Roaming/TinyTeX/texmf-dist/tex/latex/biblatex/blx-natbib.def
File: blx-natbib.def 2026/08/13 v3.22 biblatex compatibility (PK/MW)
Package biblatex Info: Delimiter 'nameyeardelim' in context '' already defined, overwriting.
)
Package biblatex Info: Trying to load bibliography style 'authoryear'...
Package biblatex Info: ... file 'authoryear.bbx' found.
 (c:/Users/alejo/AppData/Roaming/TinyTeX/texmf-dist/tex/latex/biblatex/bbx/authoryear.bbx
File: authoryear.bbx 2026/08/13 v3.22 biblatex bibliography style (PK/MW)
Package biblatex Info: Trying to load bibliography style 'standard'...
Package biblatex Info: ... file 'standard.bbx' found.
 (c:/Users/alejo/AppData/Roaming/TinyTeX/texmf-dist/tex/latex/biblatex/bbx/standard.bbx
File: standard.bbx 2026/08/13 v3.22 biblatex bibliography style (PK/MW)
\c@bbx:relatedcount=\count412
\c@bbx:relatedtotal=\count413
))
Package biblatex Info: Trying to load citation style 'authoryear'...
Package biblatex Info: ... file 'authoryear.cbx' found.
 (c:/Users/alejo/AppData/Roaming/TinyTeX/texmf-dist/tex/latex/biblatex/cbx/authoryear.cbx
File: authoryear.cbx 2026/08/13 v3.22 biblatex citation style (PK/MW)
Package biblatex Info: Redefining '\cite'.
Package biblatex Info: Redefining '\parencite'.
Package biblatex Info: Redefining '\footcite'.
Package biblatex Info: Redefining '\footcitetext'.
Package biblatex Info: Redefining '\smartcite'.
Package biblatex Info: Redefining '\textcite'.
Package biblatex Info: Redefining '\textcites'.
)
Package biblatex Info: Trying to load configuration file...
Package biblatex Info: ... file 'biblatex.cfg' found.
 (c:/Users/alejo/AppData/Roaming/TinyTeX/texmf-dist/tex/latex/biblatex/biblatex.cfg
File: biblatex.cfg 
)
Package biblatex Info: Input encoding 'utf8' detected.
Package biblatex Info: Document encoding is UTF8 ....
 (c:/Users/alejo/AppData/Roaming/TinyTeX/texmf-dist/tex/latex/l3kernel/expl3.sty
Package: expl3 2026-06-18 L3 programming layer (loader) 
 (c:/Users/alejo/AppData/Roaming/TinyTeX/texmf-dist/tex/latex/l3backend/l3backend-pdftex.def
File: l3backend-pdftex.def 2026-02-18 L3 backend support: PDF output (pdfTeX)
\l__color_backend_stack_int=\count414
))
Package biblatex Info: ... and expl3
(biblatex)             2026-06-18 L3 programming layer (loader) 
(biblatex)             is new enough (at least 2020/04/06),
(biblatex)             setting 'casechanger=expl3'.
 (c:/Users/alejo/AppData/Roaming/TinyTeX/texmf-dist/tex/latex/biblatex/blx-case-expl3.sty (c:/Users/alejo/AppData/Roaming/TinyTeX/texmf-dist/tex/latex/l3packages/xparse/xparse.sty
Package: xparse 2025-10-09 L3 Experimental document command parser
)
Package: blx-case-expl3 2026/08/13 v3.22 expl3 case changing code for biblatex
)) (c:/Users/alejo/AppData/Roaming/TinyTeX/texmf-dist/tex/latex/csquotes/csquotes.sty
Package: csquotes 2026-05-19 v5.2p context-sensitive quotations (JAW)
\csq@reset=\count415
\csq@gtype=\count416
\csq@glevel=\count417
\csq@qlevel=\count418
\csq@maxlvl=\count419
\csq@tshold=\count420
\csq@ltx@everypar=\toks21
 (c:/Users/alejo/AppData/Roaming/TinyTeX/texmf-dist/tex/latex/csquotes/csquotes.def
File: csquotes.def 2026-05-19 v5.2p csquotes generic definitions (JAW)
)
Package csquotes Info: Trying to load configuration file 'csquotes.cfg'...
Package csquotes Info: ... configuration file loaded successfully.
 (c:/Users/alejo/AppData/Roaming/TinyTeX/texmf-dist/tex/latex/csquotes/csquotes.cfg
File: csquotes.cfg 
)) (c:/Users/alejo/AppData/Roaming/TinyTeX/texmf-dist/tex/latex/geometry/geometry.sty
Package: geometry 2026/03/07 v6.0 Page Geometry
 (c:/Users/alejo/AppData/Roaming/TinyTeX/texmf-dist/tex/generic/iftex/ifvtex.sty
Package: ifvtex 2019/10/25 v1.7 ifvtex legacy package. Use iftex instead.
)
\Gm@cnth=\count421
\Gm@cntv=\count422
\c@Gm@tempcnt=\count423
\Gm@bindingoffset=\dimen154
\Gm@wd@mp=\dimen155
\Gm@odd@mp=\dimen156
\Gm@even@mp=\dimen157
\Gm@layoutwidth=\dimen158
\Gm@layoutheight=\dimen159
\Gm@layouthoffset=\dimen160
\Gm@layoutvoffset=\dimen161
\Gm@dimlist=\toks22
) (c:/Users/alejo/AppData/Roaming/TinyTeX/texmf-dist/tex/latex/hyperref/hyperref.sty
Package: hyperref 2026-06-17 v7.01r Hypertext links for LaTeX
 (c:/Users/alejo/AppData/Roaming/TinyTeX/texmf-dist/tex/generic/kvdefinekeys/kvdefinekeys.sty
Package: kvdefinekeys 2019-12-19 v1.6 Define keys (HO)
) (c:/Users/alejo/AppData/Roaming/TinyTeX/texmf-dist/tex/generic/pdfescape/pdfescape.sty
Package: pdfescape 2019/12/09 v1.15 Implements pdfTeX's escape features (HO)
) (c:/Users/alejo/AppData/Roaming/TinyTeX/texmf-dist/tex/latex/hycolor/hycolor.sty
Package: hycolor 2020-01-27 v1.10 Color options for hyperref/bookmark (HO)
) (c:/Users/alejo/AppData/Roaming/TinyTeX/texmf-dist/tex/latex/hyperref/nameref.sty
Package: nameref 2026-01-29 v2.58 Cross-referencing by name of section
 (c:/Users/alejo/AppData/Roaming/TinyTeX/texmf-dist/tex/latex/refcount/refcount.sty
Package: refcount 2019/12/15 v3.6 Data extraction from label references (HO)
) (c:/Users/alejo/AppData/Roaming/TinyTeX/texmf-dist/tex/generic/gettitlestring/gettitlestring.sty
Package: gettitlestring 2019/12/15 v1.6 Cleanup title references (HO)
)
\c@section@level=\count424
) (c:/Users/alejo/AppData/Roaming/TinyTeX/texmf-dist/tex/generic/stringenc/stringenc.sty
Package: stringenc 2019/11/29 v1.12 Convert strings between diff. encodings (HO)
)
\@linkdim=\dimen162
\Hy@linkcounter=\count425
\Hy@pagecounter=\count426
 (c:/Users/alejo/AppData/Roaming/TinyTeX/texmf-dist/tex/latex/hyperref/pd1enc.def
File: pd1enc.def 2026-06-17 v7.01r Hyperref: PDFDocEncoding definition (HO)
Now handling font encoding PD1 ...
... no UTF-8 mapping file for font encoding PD1
) (c:/Users/alejo/AppData/Roaming/TinyTeX/texmf-dist/tex/generic/intcalc/intcalc.sty
Package: intcalc 2019/12/15 v1.3 Expandable calculations with integers (HO)
)
\Hy@SavedSpaceFactor=\count427
 (c:/Users/alejo/AppData/Roaming/TinyTeX/texmf-dist/tex/latex/hyperref/puenc.def
File: puenc.def 2026-06-17 v7.01r Hyperref: PDF Unicode definition (HO)
Now handling font encoding PU ...
... no UTF-8 mapping file for font encoding PU
)
Package hyperref Info: Hyper figures OFF on input line 4199.
Package hyperref Info: Link nesting OFF on input line 4204.
Package hyperref Info: Hyper index ON on input line 4207.
Package hyperref Info: Plain pages OFF on input line 4214.
Package hyperref Info: Backreferencing OFF on input line 4219.
Package hyperref Info: Implicit mode ON; LaTeX internals redefined.
Package hyperref Info: Bookmarks ON on input line 4466.
\c@Hy@tempcnt=\count428
LaTeX Info: Redefining \url on input line 4805.
\XeTeXLinkMargin=\dimen163
 (c:/Users/alejo/AppData/Roaming/TinyTeX/texmf-dist/tex/generic/bitset/bitset.sty
Package: bitset 2019/12/09 v1.3 Handle bit-vector datatype (HO)
 (c:/Users/alejo/AppData/Roaming/TinyTeX/texmf-dist/tex/generic/bigintcalc/bigintcalc.sty
Package: bigintcalc 2019/12/15 v1.5 Expandable calculations on big integers (HO)
))
\Fld@menulength=\count429
\Field@Width=\dimen164
\Fld@charsize=\dimen165
Package hyperref Info: Hyper figures OFF on input line 6091.
Package hyperref Info: Link nesting OFF on input line 6096.
Package hyperref Info: Hyper index ON on input line 6099.
Package hyperref Info: backreferencing OFF on input line 6106.
Package hyperref Info: Link coloring OFF on input line 6111.
Package hyperref Info: Link coloring with OCG OFF on input line 6116.
Package hyperref Info: PDF/A mode OFF on input line 6121.
\Hy@abspage=\count430
\c@Item=\count431
\c@Hfootnote=\count432
)
Package hyperref Info: Driver (autodetected): hpdftex.
 (c:/Users/alejo/AppData/Roaming/TinyTeX/texmf-dist/tex/latex/hyperref/hpdftex.def
File: hpdftex.def 2026-06-17 v7.01r Hyperref driver for pdfTeX
\Fld@listcount=\count433
\c@bookmark@seq@number=\count434
 (c:/Users/alejo/AppData/Roaming/TinyTeX/texmf-dist/tex/latex/rerunfilecheck/rerunfilecheck.sty
Package: rerunfilecheck 2025-06-21 v1.11 Rerun checks for auxiliary files (HO)
 (c:/Users/alejo/AppData/Roaming/TinyTeX/texmf-dist/tex/generic/uniquecounter/uniquecounter.sty
Package: uniquecounter 2019/12/15 v1.4 Provide unlimited unique counter (HO)
)
Package uniquecounter Info: New unique counter `rerunfilecheck' on input line 284.
)
\Hy@SectionHShift=\skip73
) (c:/Users/alejo/AppData/Roaming/TinyTeX/texmf-dist/tex/latex/booktabs/booktabs.sty
Package: booktabs 2020/01/12 v1.61803398 Publication quality tables
\heavyrulewidth=\dimen166
\lightrulewidth=\dimen167
\cmidrulewidth=\dimen168
\belowrulesep=\dimen169
\belowbottomsep=\dimen170
\aboverulesep=\dimen171
\abovetopsep=\dimen172
\cmidrulesep=\dimen173
\cmidrulekern=\dimen174
\defaultaddspace=\dimen175
\@cmidla=\count435
\@cmidlb=\count436
\@aboverulesep=\dimen176
\@belowrulesep=\dimen177
\@thisruleclass=\count437
\@lastruleclass=\count438
\@thisrulewidth=\dimen178
) (c:/Users/alejo/AppData/Roaming/TinyTeX/texmf-dist/tex/latex/float/float.sty
Package: float 2001/11/08 v1.3d Float enhancements (AL)
\c@float@type=\count439
\float@exts=\toks23
\float@box=\box53
\@float@everytoks=\toks24
\@floatcapt=\box54
) (c:/Users/alejo/AppData/Roaming/TinyTeX/texmf-dist/tex/latex/tools/longtable.sty
Package: longtable 2026-01-28 v4.27 Multi-page Table package (DPC)
\LTleft=\skip74
\LTright=\skip75
\LTpre=\skip76
\LTpost=\skip77
\LTchunksize=\count440
\LTcapwidth=\dimen179
\LT@head=\box55
\LT@firsthead=\box56
\LT@foot=\box57
\LT@lastfoot=\box58
\LT@gbox=\box59
\LT@cols=\count441
\LT@rows=\count442
\c@LT@tables=\count443
\c@LT@chunks=\count444
\LT@p@ftn=\toks25
) (c:/Program Files/R/R-4.5.1/share/texmf/tex/latex/Sweave.sty
Package: Sweave 
 (c:/Users/alejo/AppData/Roaming/TinyTeX/texmf-dist/tex/latex/fancyvrb/fancyvrb.sty
Package: fancyvrb 2026/04/16 4.6a verbatim text (tvz,hv)
\FV@CodeLineNo=\count445
\FV@InFile=\read4
\FV@TabBox=\box60
\c@FancyVerbLine=\count446
\FV@StepNumber=\count447
\FV@OutFile=\write4
) (c:/Users/alejo/AppData/Roaming/TinyTeX/texmf-dist/tex/latex/base/textcomp.sty
Package: textcomp 2024/04/24 v2.1b Standard LaTeX package
) (c:/Users/alejo/AppData/Roaming/TinyTeX/texmf-dist/tex/latex/base/fontenc.sty
Package: fontenc 2025/07/18 v2.1d Standard LaTeX package
))
Package csquotes Info: Checking for multilingual support...
Package csquotes Info: ... found 'babel' package.
Package csquotes Info: Adjusting default style.
Package csquotes Info: Redefining alias 'default' -> 'spanish'.

No file ViajesPresidencialesSudamerica.aux.
\openout1 = `ViajesPresidencialesSudamerica.aux'.

LaTeX Font Info:    Checking defaults for OML/cmm/m/it on input line 61.
LaTeX Font Info:    ... okay on input line 61.
LaTeX Font Info:    Checking defaults for OMS/cmsy/m/n on input line 61.
LaTeX Font Info:    ... okay on input line 61.
LaTeX Font Info:    Checking defaults for OT1/cmr/m/n on input line 61.
LaTeX Font Info:    ... okay on input line 61.
LaTeX Font Info:    Checking defaults for T1/cmr/m/n on input line 61.
LaTeX Font Info:    ... okay on input line 61.
LaTeX Font Info:    Checking defaults for TS1/cmr/m/n on input line 61.
LaTeX Font Info:    ... okay on input line 61.
LaTeX Font Info:    Checking defaults for OMX/cmex/m/n on input line 61.
LaTeX Font Info:    ... okay on input line 61.
LaTeX Font Info:    Checking defaults for U/cmr/m/n on input line 61.
LaTeX Font Info:    ... okay on input line 61.
LaTeX Font Info:    Checking defaults for PD1/pdf/m/n on input line 61.
LaTeX Font Info:    ... okay on input line 61.
LaTeX Font Info:    Checking defaults for PU/pdf/m/n on input line 61.
LaTeX Font Info:    ... okay on input line 61.
LaTeX Info: Redefining \. on input line 61.
LaTeX Info: Redefining \% on input line 61.
Package babel Info: 'spanish' activates 'spanish' shorthands.
(babel)             Reported on input line 61.
(c:/Users/alejo/AppData/Roaming/TinyTeX/texmf-dist/tex/latex/epstopdf-pkg/epstopdf-base.sty
Package: epstopdf-base 2020-01-24 v2.11 Base part for package epstopdf
 (c:/Users/alejo/AppData/Roaming/TinyTeX/texmf-dist/tex/latex/grfext/grfext.sty
Package: grfext 2019/12/03 v1.3 Manage graphics extensions (HO)
)
Package epstopdf-base Info: Redefining graphics rule for `.eps' on input line 485.
Package grfext Info: Graphics extension search list:
(grfext)             [.pdf,.png,.jpg,.mps,.jpeg,.jbig2,.jb2,.PDF,.PNG,.JPG,.JPEG,.JBIG2,.JB2,.eps]
(grfext)             \AppendGraphicsExtensions on input line 504.
 (c:/Users/alejo/AppData/Roaming/TinyTeX/texmf-dist/tex/latex/latexconfig/epstopdf-sys.cfg
File: epstopdf-sys.cfg 2010/07/13 v1.3 Configuration of (r)epstopdf for TeX Live
))
Package biblatex Info: Trying to load language 'spanish'...
Package biblatex Info: ... file 'spanish.lbx' found.
 (c:/Users/alejo/AppData/Roaming/TinyTeX/texmf-dist/tex/latex/biblatex/lbx/spanish.lbx
File: spanish.lbx 2026/08/13 v3.22 biblatex localization (PK/MW)
)
Package biblatex Info: Input encoding 'utf8' detected.
Package biblatex Info: Automatic encoding selection.
(biblatex)             Assuming data encoding 'utf8'.
\openout3 = `ViajesPresidencialesSudamerica.bcf'.

Package biblatex Info: Trying to load bibliographic data...
Package biblatex Info: ... file 'ViajesPresidencialesSudamerica.bbl' found.
 (./ViajesPresidencialesSudamerica.bbl)
Package biblatex Info: Reference section=0 on input line 61.
Package biblatex Info: Reference segment=0 on input line 61.

*geometry* driver: auto-detecting
*geometry* detected driver: pdftex
*geometry* verbose mode - [ preamble ] result:
* driver: pdftex
* paper: a4paper
* layout: <same size as paper>
* layoutoffset:(h,v)=(0.0pt,0.0pt)
* modes: 
* h-part:(L,W,R)=(71.13188pt, 455.24411pt, 71.13188pt)
* v-part:(T,H,B)=(71.13188pt, 702.78308pt, 71.13188pt)
* \paperwidth=597.50787pt
* \paperheight=845.04684pt
* \textwidth=455.24411pt
* \textheight=702.78308pt
* \oddsidemargin=-1.1381pt
* \evensidemargin=-1.1381pt
* \topmargin=-38.1381pt
* \headheight=12.0pt
* \headsep=25.0pt
* \topskip=11.0pt
* \footskip=30.0pt
* \marginparwidth=50.0pt
* \marginparsep=10.0pt
* \columnsep=10.0pt
* \skip\footins=10.0pt plus 4.0pt minus 2.0pt
* \hoffset=0.0pt
* \voffset=0.0pt
* \mag=1000
* \@twocolumnfalse
* \@twosidefalse
* \@mparswitchfalse
* \@reversemarginfalse
* (1in=72.27pt=25.4mm, 1cm=28.453pt)

Package hyperref Info: Link coloring OFF on input line 61.
\@outlinefile=\write5
\openout5 = `ViajesPresidencialesSudamerica.out'.

Package babel Info: Main language set to 'spanish'.
(./ViajesPresidencialesSudamerica-concordance.tex)
LaTeX Font Info:    External font `cmex10' loaded for size
(Font)              <10.95> on input line 122.
LaTeX Font Info:    External font `cmex10' loaded for size
(Font)              <8> on input line 122.
LaTeX Font Info:    External font `cmex10' loaded for size
(Font)              <6> on input line 122.
<../08_ANALISIS_R/outputs/00c_viajes_totales_por_mandatario.png, id=5, 650.43pt x 549.252pt>
File: ../08_ANALISIS_R/outputs/00c_viajes_totales_por_mandatario.png Graphic file (type png)
<use ../08_ANALISIS_R/outputs/00c_viajes_totales_por_mandatario.png>
Package pdftex.def Info: ../08_ANALISIS_R/outputs/00c_viajes_totales_por_mandatario.png  used on input line 170.
(pdftex.def)             Requested size: 409.71692pt x 345.98868pt.

Underfull \hbox (badness 3965) in paragraph at lines 171--171
[]\T1/cmr/m/n/10.95 Figura 1: []Total de via-jes re-gis-tra-dos por man-da-ta-rio, 1994-2025, li-mi-ta-do a man-
 []


Underfull \hbox (badness 10000) in paragraph at lines 171--171
\T1/cmr/m/n/10.95 da-ta-rios con más de 50 via-jes (la ta-bla com-ple-ta, sin ese re-cor-te, es-tá en
 []

[1

{c:/Users/alejo/AppData/Roaming/TinyTeX/texmf-var/fonts/map/pdftex/updmap/pdftex.map}
pdfTeX warning (ext4): destination with the same identifier (name{table.1}) has been already used, duplicate ignored
<argument> ...shipout:D \box_use:N \l_shipout_box 
                                                  \__shipout_drop_firstpage_...
l.174 
      ]
Overfull \hbox (61.01886pt too wide) in paragraph at lines 181--191
 [][] 
 []

<../08_ANALISIS_R/outputs/01_viajes_por_anio.png, id=23, 722.7pt x 433.62pt>
File: ../08_ANALISIS_R/outputs/01_viajes_por_anio.png Graphic file (type png)
<use ../08_ANALISIS_R/outputs/01_viajes_por_anio.png>
Package pdftex.def Info: ../08_ANALISIS_R/outputs/01_viajes_por_anio.png  used on input line 206.
(pdftex.def)             Requested size: 386.96027pt x 232.1796pt.
[2
pdfTeX warning (ext4): destination with the same identifier (name{table.2}) has been already used, duplicate ignored
<argument> ...shipout:D \box_use:N \l_shipout_box 
                                                  \__shipout_drop_firstpage_...
l.210 
      
pdfTeX warning (ext4): destination with the same identifier (name{figure.1}) has been already used, duplicate ignored
<argument> ...shipout:D \box_use:N \l_shipout_box 
                                                  \__shipout_drop_firstpage_...
l.210 
       <../08_ANALISIS_R/outputs/00c_viajes_totales_por_mandatario.png>]
<../08_ANALISIS_R/outputs/01b_viajes_por_anio_por_pais.png, id=31, 794.97pt x 650.43pt>
File: ../08_ANALISIS_R/outputs/01b_viajes_por_anio_por_pais.png Graphic file (type png)
<use ../08_ANALISIS_R/outputs/01b_viajes_por_anio_por_pais.png>
Package pdftex.def Info: ../08_ANALISIS_R/outputs/01b_viajes_por_anio_por_pais.png  used on input line 213.
(pdftex.def)             Requested size: 455.24411pt x 372.48578pt.
 [3
pdfTeX warning (ext4): destination with the same identifier (name{table.3}) has been already used, duplicate ignored
<argument> ...shipout:D \box_use:N \l_shipout_box 
                                                  \__shipout_drop_firstpage_...
l.217 
      
pdfTeX warning (ext4): destination with the same identifier (name{figure.2}) has been already used, duplicate ignored
<argument> ...shipout:D \box_use:N \l_shipout_box 
                                                  \__shipout_drop_firstpage_...
l.217 
       <../08_ANALISIS_R/outputs/01_viajes_por_anio.png>]
<../08_ANALISIS_R/outputs/02_regiones_por_periodo.png, id=39, 794.97pt x 469.755pt>
File: ../08_ANALISIS_R/outputs/02_regiones_por_periodo.png Graphic file (type png)
<use ../08_ANALISIS_R/outputs/02_regiones_por_periodo.png>
Package pdftex.def Info: ../08_ANALISIS_R/outputs/02_regiones_por_periodo.png  used on input line 220.
(pdftex.def)             Requested size: 409.71692pt x 242.10931pt.
 [4
pdfTeX warning (ext4): destination with the same identifier (name{figure.3}) has been already used, duplicate ignored
<argument> ...shipout:D \box_use:N \l_shipout_box 
                                                  \__shipout_drop_firstpage_...
l.224 
       <../08_ANALISIS_R/outputs/01b_viajes_por_anio_por_pais.png>]
<../08_ANALISIS_R/outputs/02b_regiones_por_anio_area.png, id=45, 794.97pt x 469.755pt>
File: ../08_ANALISIS_R/outputs/02b_regiones_por_anio_area.png Graphic file (type png)
<use ../08_ANALISIS_R/outputs/02b_regiones_por_anio_area.png>
Package pdftex.def Info: ../08_ANALISIS_R/outputs/02b_regiones_por_anio_area.png  used on input line 227.
(pdftex.def)             Requested size: 409.71692pt x 242.10931pt.
<../08_ANALISIS_R/outputs/03_duracion_por_anio.png, id=46, 722.7pt x 433.62pt>
File: ../08_ANALISIS_R/outputs/03_duracion_por_anio.png Graphic file (type png)
<use ../08_ANALISIS_R/outputs/03_duracion_por_anio.png>
Package pdftex.def Info: ../08_ANALISIS_R/outputs/03_duracion_por_anio.png  used on input line 234.
(pdftex.def)             Requested size: 386.96027pt x 232.1796pt.
 [5
pdfTeX warning (ext4): destination with the same identifier (name{figure.4}) has been already used, duplicate ignored
<argument> ...shipout:D \box_use:N \l_shipout_box 
                                                  \__shipout_drop_firstpage_...
l.238 
      
pdfTeX warning (ext4): destination with the same identifier (name{figure.5}) has been already used, duplicate ignored
<argument> ...shipout:D \box_use:N \l_shipout_box 
                                                  \__shipout_drop_firstpage_...
l.238 
       <../08_ANALISIS_R/outputs/02_regiones_por_periodo.png> <../08_ANALISIS_R/outputs/02b_regiones_por_anio_area.png>]
<../08_ANALISIS_R/outputs/03c_viajes_y_duracion_combinado.png, id=53, 794.97pt x 469.755pt>
File: ../08_ANALISIS_R/outputs/03c_viajes_y_duracion_combinado.png Graphic file (type png)
<use ../08_ANALISIS_R/outputs/03c_viajes_y_duracion_combinado.png>
Package pdftex.def Info: ../08_ANALISIS_R/outputs/03c_viajes_y_duracion_combinado.png  used on input line 241.
(pdftex.def)             Requested size: 409.71692pt x 242.10931pt.
<../08_ANALISIS_R/outputs/04_categoria_visita_por_anio.png, id=54, 794.97pt x 469.755pt>
File: ../08_ANALISIS_R/outputs/04_categoria_visita_por_anio.png Graphic file (type png)
<use ../08_ANALISIS_R/outputs/04_categoria_visita_por_anio.png>
Package pdftex.def Info: ../08_ANALISIS_R/outputs/04_categoria_visita_por_anio.png  used on input line 248.
(pdftex.def)             Requested size: 409.71692pt x 242.10931pt.
 [6
pdfTeX warning (ext4): destination with the same identifier (name{figure.6}) has been already used, duplicate ignored
<argument> ...shipout:D \box_use:N \l_shipout_box 
                                                  \__shipout_drop_firstpage_...
l.252 
      
pdfTeX warning (ext4): destination with the same identifier (name{figure.7}) has been already used, duplicate ignored
<argument> ...shipout:D \box_use:N \l_shipout_box 
                                                  \__shipout_drop_firstpage_...
l.252 
       <../08_ANALISIS_R/outputs/03_duracion_por_anio.png> <../08_ANALISIS_R/outputs/03c_viajes_y_duracion_combinado.png>]
<../08_ANALISIS_R/outputs/04b_categoria_visita_absoluto.png, id=61, 722.7pt x 433.62pt>
File: ../08_ANALISIS_R/outputs/04b_categoria_visita_absoluto.png Graphic file (type png)
<use ../08_ANALISIS_R/outputs/04b_categoria_visita_absoluto.png>
Package pdftex.def Info: ../08_ANALISIS_R/outputs/04b_categoria_visita_absoluto.png  used on input line 255.
(pdftex.def)             Requested size: 386.96027pt x 232.1796pt.
<../08_ANALISIS_R/outputs/08_estacionalidad_mensual.png, id=62, 650.43pt x 433.62pt>
File: ../08_ANALISIS_R/outputs/08_estacionalidad_mensual.png Graphic file (type png)
<use ../08_ANALISIS_R/outputs/08_estacionalidad_mensual.png>
Package pdftex.def Info: ../08_ANALISIS_R/outputs/08_estacionalidad_mensual.png  used on input line 262.
(pdftex.def)             Requested size: 386.96027pt x 257.97733pt.
 [7
pdfTeX warning (ext4): destination with the same identifier (name{figure.8}) has been already used, duplicate ignored
<argument> ...shipout:D \box_use:N \l_shipout_box 
                                                  \__shipout_drop_firstpage_...
l.266 
      
pdfTeX warning (ext4): destination with the same identifier (name{figure.9}) has been already used, duplicate ignored
<argument> ...shipout:D \box_use:N \l_shipout_box 
                                                  \__shipout_drop_firstpage_...
l.266 
       <../08_ANALISIS_R/outputs/04_categoria_visita_por_anio.png> <../08_ANALISIS_R/outputs/04b_categoria_visita_absoluto.png>]
Overfull \hbox (73.94012pt too wide) in alignment at lines 275--366
 [] [] [] [] 
 []

[8
pdfTeX warning (ext4): destination with the same identifier (name{figure.10}) has been already used, duplicate ignored
<argument> ...shipout:D \box_use:N \l_shipout_box 
                                                  \__shipout_drop_firstpage_...
l.366 \end{longtable}
                      <../08_ANALISIS_R/outputs/08_estacionalidad_mensual.png>] [9]
<../08_ANALISIS_R/outputs/06_primeros_destinos_frecuencia.png, id=81, 650.43pt x 505.89pt>
File: ../08_ANALISIS_R/outputs/06_primeros_destinos_frecuencia.png Graphic file (type png)
<use ../08_ANALISIS_R/outputs/06_primeros_destinos_frecuencia.png>
Package pdftex.def Info: ../08_ANALISIS_R/outputs/06_primeros_destinos_frecuencia.png  used on input line 369.
(pdftex.def)             Requested size: 386.96027pt x 300.97354pt.


LaTeX Warning: Citation 'ostranderPresidentsAbroadPolitics2018' on page 10 undefined on input line 370.


LaTeX Warning: Citation 'ostranderPresidentsAbroadPolitics2018' on page 10 undefined on input line 370.

<../08_ANALISIS_R/outputs/06b_evolucion_top3_primeros_destinos.png, id=82, 722.7pt x 433.62pt>
File: ../08_ANALISIS_R/outputs/06b_evolucion_top3_primeros_destinos.png Graphic file (type png)
<use ../08_ANALISIS_R/outputs/06b_evolucion_top3_primeros_destinos.png>
Package pdftex.def Info: ../08_ANALISIS_R/outputs/06b_evolucion_top3_primeros_destinos.png  used on input line 376.
(pdftex.def)             Requested size: 386.96027pt x 232.1796pt.

LaTeX Warning: Reference `fig:primeros-destinos' on page 10 undefined on input line 377.


LaTeX Warning: Reference `fig:primeros-destinos' on page 10 undefined on input line 377.

[10
pdfTeX warning (ext4): destination with the same identifier (name{figure.11}) has been already used, duplicate ignored
<argument> ...shipout:D \box_use:N \l_shipout_box 
                                                  \__shipout_drop_firstpage_...
l.380 
       <../08_ANALISIS_R/outputs/06_primeros_destinos_frecuencia.png>]
<../08_ANALISIS_R/outputs/09a_ranking_destinos_bilaterales.png, id=89, 650.43pt x 578.16pt>
File: ../08_ANALISIS_R/outputs/09a_ranking_destinos_bilaterales.png Graphic file (type png)
<use ../08_ANALISIS_R/outputs/09a_ranking_destinos_bilaterales.png>
Package pdftex.def Info: ../08_ANALISIS_R/outputs/09a_ranking_destinos_bilaterales.png  used on input line 383.
(pdftex.def)             Requested size: 386.96027pt x 343.96977pt.
<../08_ANALISIS_R/outputs/09a2_evolucion_bilateral_bra_arg_cuba.png, id=90, 722.7pt x 433.62pt>
File: ../08_ANALISIS_R/outputs/09a2_evolucion_bilateral_bra_arg_cuba.png Graphic file (type png)
<use ../08_ANALISIS_R/outputs/09a2_evolucion_bilateral_bra_arg_cuba.png>
Package pdftex.def Info: ../08_ANALISIS_R/outputs/09a2_evolucion_bilateral_bra_arg_cuba.png  used on input line 390.
(pdftex.def)             Requested size: 386.96027pt x 232.1796pt.
 [11
pdfTeX warning (ext4): destination with the same identifier (name{figure.12}) has been already used, duplicate ignored
<argument> ...shipout:D \box_use:N \l_shipout_box 
                                                  \__shipout_drop_firstpage_...
l.394 
      
pdfTeX warning (ext4): destination with the same identifier (name{figure.13}) has been already used, duplicate ignored
<argument> ...shipout:D \box_use:N \l_shipout_box 
                                                  \__shipout_drop_firstpage_...
l.394 
       <../08_ANALISIS_R/outputs/06b_evolucion_top3_primeros_destinos.png> <../08_ANALISIS_R/outputs/09a_ranking_destinos_bilaterales.png>]
<../08_ANALISIS_R/outputs/09b_ranking_destinos_multilaterales.png, id=97, 650.43pt x 578.16pt>
File: ../08_ANALISIS_R/outputs/09b_ranking_destinos_multilaterales.png Graphic file (type png)
<use ../08_ANALISIS_R/outputs/09b_ranking_destinos_multilaterales.png>
Package pdftex.def Info: ../08_ANALISIS_R/outputs/09b_ranking_destinos_multilaterales.png  used on input line 397.
(pdftex.def)             Requested size: 386.96027pt x 343.96977pt.
<../08_ANALISIS_R/outputs/09b2_evolucion_multilateral_usa_bra_arg.png, id=98, 722.7pt x 433.62pt>
File: ../08_ANALISIS_R/outputs/09b2_evolucion_multilateral_usa_bra_arg.png Graphic file (type png)
<use ../08_ANALISIS_R/outputs/09b2_evolucion_multilateral_usa_bra_arg.png>
Package pdftex.def Info: ../08_ANALISIS_R/outputs/09b2_evolucion_multilateral_usa_bra_arg.png  used on input line 404.
(pdftex.def)             Requested size: 386.96027pt x 232.1796pt.
 [12
pdfTeX warning (ext4): destination with the same identifier (name{figure.14}) has been already used, duplicate ignored
<argument> ...shipout:D \box_use:N \l_shipout_box 
                                                  \__shipout_drop_firstpage_...
l.408 
      
pdfTeX warning (ext4): destination with the same identifier (name{figure.15}) has been already used, duplicate ignored
<argument> ...shipout:D \box_use:N \l_shipout_box 
                                                  \__shipout_drop_firstpage_...
l.408 
       <../08_ANALISIS_R/outputs/09a2_evolucion_bilateral_bra_arg_cuba.png> <../08_ANALISIS_R/outputs/09b_ranking_destinos_multilaterales.png>]
<../08_ANALISIS_R/outputs/09c_foros_distintos_por_periodo.png, id=105, 650.43pt x 433.62pt>
File: ../08_ANALISIS_R/outputs/09c_foros_distintos_por_periodo.png Graphic file (type png)
<use ../08_ANALISIS_R/outputs/09c_foros_distintos_por_periodo.png>
Package pdftex.def Info: ../08_ANALISIS_R/outputs/09c_foros_distintos_por_periodo.png  used on input line 411.
(pdftex.def)             Requested size: 386.96027pt x 257.97733pt.


LaTeX Warning: Citation 'penaComplejaRedCumbres2005' on page 13 undefined on input line 412.


LaTeX Warning: Citation 'penaComplejaRedCumbres2005' on page 13 undefined on input line 412.


Underfull \hbox (badness 7595) in paragraph at lines 412--412
[]\T1/cmr/m/n/10.95 Figura 17: []Cantidad de fo-ros/cumbres mul-ti-la-te-ra-les dis-tin-tos, por pe-río-do (idea:
 []

<../08_ANALISIS_R/outputs/09d_composicion_bilateral_multilateral_por_pais.png, id=106, 722.7pt x 469.755pt>
File: ../08_ANALISIS_R/outputs/09d_composicion_bilateral_multilateral_por_pais.png Graphic file (type png)
<use ../08_ANALISIS_R/outputs/09d_composicion_bilateral_multilateral_por_pais.png>
Package pdftex.def Info: ../08_ANALISIS_R/outputs/09d_composicion_bilateral_multilateral_por_pais.png  used on input line 418.
(pdftex.def)             Requested size: 409.71692pt x 266.31522pt.

LaTeX Warning: Citation 'leeTravelAlliesAdversaries2024' on page 13 undefined on input line 419.


LaTeX Warning: Citation 'leeTravelAlliesAdversaries2024' on page 13 undefined on input line 419.

[13
pdfTeX warning (ext4): destination with the same identifier (name{figure.16}) has been already used, duplicate ignored
<argument> ...shipout:D \box_use:N \l_shipout_box 
                                                  \__shipout_drop_firstpage_...
l.422 
      
pdfTeX warning (ext4): destination with the same identifier (name{figure.17}) has been already used, duplicate ignored
<argument> ...shipout:D \box_use:N \l_shipout_box 
                                                  \__shipout_drop_firstpage_...
l.422 
       <../08_ANALISIS_R/outputs/09b2_evolucion_multilateral_usa_bra_arg.png> <../08_ANALISIS_R/outputs/09c_foros_distintos_por_periodo.png>]

LaTeX Warning: Empty bibliography on input line 442.

[14
pdfTeX warning (ext4): destination with the same identifier (name{figure.18}) has been already used, duplicate ignored
<argument> ...shipout:D \box_use:N \l_shipout_box 
                                                  \__shipout_drop_firstpage_...
l.444 \end{document}
                     <../08_ANALISIS_R/outputs/09d_composicion_bilateral_multilateral_por_pais.png>] (./ViajesPresidencialesSudamerica.aux
LaTeX Info: Redefining \. on input line 12.
LaTeX Info: Redefining \% on input line 12.
)
 ***********
LaTeX2e <2026-06-01>
L3 programming layer <2026-06-18>
 ***********


LaTeX Warning: There were undefined references.


LaTeX Warning: Label(s) may have changed. Rerun to get cross-references right.


Package rerunfilecheck Warning: File `ViajesPresidencialesSudamerica.out' has changed.
(rerunfilecheck)                Rerun to get outlines right
(rerunfilecheck)                or use package `bookmark'.

Package rerunfilecheck Info: Checksums for `ViajesPresidencialesSudamerica.out':
(rerunfilecheck)             Before: <no file>
(rerunfilecheck)             After:  39BC30232996D306F92DAD576CCAD32D;1159.

Package biblatex Warning: Please (re)run Biber on the file:
(biblatex)                ViajesPresidencialesSudamerica
(biblatex)                and rerun LaTeX afterwards.

Package logreq Info: Writing requests to 'ViajesPresidencialesSudamerica.run.xml'.
\openout1 = `ViajesPresidencialesSudamerica.run.xml'.

 ) 
Here is how much of TeX's memory you used:
 19185 strings out of 469140
 346611 string characters out of 5457729
 1224579 words of memory out of 5000000
 47973 multiletter control sequences out of 15000+600000
 637716 words of font info for 59 fonts, out of 8000000 for 9000
 14 hyphenation exceptions out of 8191
 62i,8n,67p,719b,1869s stack positions out of 10000i,1000n,20000p,200000b,200000s
 <c:/Users/alejo/AppData/Roaming/TinyTeX/texmf-var/fonts/pk/ljfour/jknappen/ec/ecbx1095.600pk> <c:/Users/alejo/AppData/Roaming/TinyTeX/texmf-var/fonts/pk/ljfour/jknappen/ec/ectt1095.600pk> <c:/Users/alejo/AppData/Roaming/TinyTeX/texmf-var/fonts/pk/ljfour/jknappen/ec/ecrm1095.600pk> <c:/Users/alejo/AppData/Roaming/TinyTeX/texmf-var/fonts/pk/ljfour/jknappen/ec/ecbx1200.600pk> <c:/Users/alejo/AppData/Roaming/TinyTeX/texmf-var/fonts/pk/ljfour/jknappen/ec/ecbx1440.600pk> <c:/Users/alejo/AppData/Roaming/TinyTeX/texmf-var/fonts/pk/ljfour/jknappen/ec/ecbx1000.600pk> <c:/Users/alejo/AppData/Roaming/TinyTeX/texmf-var/fonts/pk/ljfour/jknappen/ec/ecrm1200.600pk> <c:/Users/alejo/AppData/Roaming/TinyTeX/texmf-var/fonts/pk/ljfour/jknappen/ec/ecrm1728.600pk>
Output written on ViajesPresidencialesSudamerica.pdf (14 pages, 1178509 bytes).
PDF statistics:
 398 PDF objects out of 1000 (max. 8388607)
 124 compressed objects within 2 object streams
 46 named destinations out of 1000 (max. 500000)
 95 words of extra memory for PDF output out of 10000 (max. 10000000)

